[backblue.gif]
[fade.gif]
[index.html]
[www.kpay.com.kw/kpg/images/paypage-images/separator.jpg]
[www.kpay.com.kw/kpg/paymentpage24ba.htm]
[www.kpay.com.kw/kpg/gui-v3/js/jquery-3.7.1.min.js]
[www.kpay.com.kw/kpg/css/payment-resetf66d.css]
[www.kpay.com.kw/kpg/images/adds/NewDerayaCamp/mob.jpg]
[www.kpay.com.kw/kpg/css/payment-responsive-arf66d.css]
[www.kpay.com.kw/kpg/images/paypage-images/loading.gif]
[www.kpay.com.kw/kpg/images/adds/NewDerayaCamp/pc.jpg]
[www.kpay.com.kw/kpg/css/payment-layout-arf66d.css]
[www.kpay.com.kw/kpg/js/checkSum.js]
[www.kpay.com.kw/kpg/js/AuthValidation.js]
[www.kpay.com.kw/kpg/getBrandDetails3343.html]
[www.kpay.com.kw/kpg/paymentpageqcdereg04b9.html]
[www.kpay.com.kw/kpg/images/New_knet_logo.jpg]
[www.kpay.com.kw/kpg/paymentrouter3343.htm]
[www.kpay.com.kw/kpg/paymentOtpCancel.htm]
[www.kpay.com.kw/kpg/transactiondeclined.htm]
[www.kpay.com.kw/kpg/paymentOtpCancela486.htm]
[www.kpay.com.kw/kpg/kfastRegDeclinee19d.htm]
[www.kpay.com.kw/kpg/otpGenCountUpdateFailDeclinee19d.htm]
[www.kpay.com.kw/kpg/otpDetailsUpdateFailDeclinee19d.htm]
[www.kpay.com.kw/kpg/otpUserIdUpdateFailDeclinee19d.htm]
[www.kpay.com.kw/kpg/paymentCVdeclinee19d.htm]
[www.kpay.com.kw/kpg/otpConfirmationFlagUpdateFailDeclinee19d.htm]
[www.kpay.com.kw/kpg/paymentrouter.htm]
[www.kpay.com.kw/kpg/checkMaestroBrand3343.htm]
[www.kpay.com.kw/kpg/gstnErrorPageca33.htm]
[www.kpay.com.kw/kpg/paymentpage04b9.htm]
[www.kpay.com.kw/kpg/gstnErrorPagebe71.htm]
[www.kpay.com.kw/kpg/paymentcancele19d.htm]
[www.kpay.com.kw/kpg/gstnErrorPage3850.htm]
[www.kpay.com.kw/kpg/help5822.htm]
[www.kpay.com.kw/kpg/images/card.jpg]
[www.kpay.com.kw/kpg/help24c8.htm]
[www.kpay.com.kw/kpg/help5f7a.htm]
[www.kpay.com.kw/kpg/helpd8cd.htm]
[www.kpay.com.kw/kpg/help53ef.htm]
[www.kpay.com.kw/kpg/help9dc8.htm]
[www.kpay.com.kw/kpg/css/payment-reset.css]
[www.kpay.com.kw/kpg/css/payment-layout.css]
[www.kpay.com.kw/kpg/css/payment-responsive.css]
[www.kpay.com.kw/kpg/RegEcom6109.htm]
[www.kpay.com.kw/kpg/ChangeEcomd7b1.htm]
[www.kpay.com.kw/kpg/ForgotEcom149e.htm]
[www.kpay.com.kw/kpg/DeRegEcomcf14.htm]
[www.kpay.com.kw/kpg/RegEcomaec6.htm]
[www.kpay.com.kw/kpg/ChangeEcomb8e7.htm]
[www.kpay.com.kw/kpg/ForgotEcom248a.htm]
[www.kpay.com.kw/kpg/DeRegEcome490.htm]
[www.kpay.com.kw/kpg/ecom64db.htm]
[www.kpay.com.kw/kpg/ecoma24f.htm]
